../Middlewares/ST/touchgfx/framework/include/touchgfx/Screen.hpp:104:18:virtual void touchgfx::Screen::afterTransition()	0	static
../Middlewares/ST/touchgfx/framework/include/touchgfx/Screen.hpp:144:18:virtual void touchgfx::Screen::handleTickEvent()	0	static
../Middlewares/ST/touchgfx/framework/include/touchgfx/Screen.hpp:154:18:virtual void touchgfx::Screen::handleKeyEvent(uint8_t)	0	static
../TouchGFX/gui/include/gui/manage_screen/ManageView.hpp:11:13:ManageView::~ManageView()	0	static
../TouchGFX/gui/src/manage_screen/ManageView.cpp:13:6:virtual void ManageView::tearDownScreen()	0	static
../TouchGFX/gui/src/manage_screen/ManageView.cpp:8:6:virtual void ManageView::setupScreen()	0	static
../TouchGFX/gui/include/gui/manage_screen/ManageView.hpp:11:13:virtual ManageView::~ManageView()	8	static
../TouchGFX/gui/src/manage_screen/ManageView.cpp:3:1:ManageView::ManageView()	8	static
