../Middlewares/ST/touchgfx/framework/include/mvp/Presenter.hpp:37:18:virtual void touchgfx::Presenter::activate()	16	static
../Middlewares/ST/touchgfx/framework/include/mvp/Presenter.hpp:47:18:virtual void touchgfx::Presenter::deactivate()	16	static
../Middlewares/ST/touchgfx/framework/include/mvp/Presenter.hpp:52:13:touchgfx::Presenter::~Presenter()	16	static
../Middlewares/ST/touchgfx/framework/include/mvp/Presenter.hpp:52:13:virtual touchgfx::Presenter::~Presenter()	16	static
../Middlewares/ST/touchgfx/framework/include/mvp/Presenter.hpp:58:5:touchgfx::Presenter::Presenter()	16	static
../TouchGFX/gui/include/gui/model/ModelListener.hpp:10:5:ModelListener::ModelListener()	16	static
../TouchGFX/gui/include/gui/model/ModelListener.hpp:12:13:ModelListener::~ModelListener()	16	static
../TouchGFX/gui/include/gui/model/ModelListener.hpp:12:13:virtual ModelListener::~ModelListener()	16	static
../TouchGFX/gui/include/gui/model/ModelListener.hpp:18:18:virtual void ModelListener::SHT31Update(float, float)	24	static
../TouchGFX/gui/include/gui/model/ModelListener.hpp:19:18:virtual void ModelListener::BH1750Update(float)	16	static
../TouchGFX/gui/include/gui/model/ModelListener.hpp:20:18:virtual void ModelListener::NH3Update(float)	16	static
../TouchGFX/gui/include/gui/model/ModelListener.hpp:21:18:virtual void ModelListener::CO2Update(uint32_t)	16	static
../TouchGFX/gui/include/gui/model/ModelListener.hpp:22:18:virtual void ModelListener::devicestate(Device)	24	static
../TouchGFX/gui/include/gui/manage_screen/ManagePresenter.hpp:28:13:ManagePresenter::~ManagePresenter()	16	static
../TouchGFX/gui/include/gui/manage_screen/ManagePresenter.hpp:28:13:virtual ManagePresenter::~ManagePresenter()	16	static
../TouchGFX/gui/src/manage_screen/ManagePresenter.cpp:4:1:ManagePresenter::ManagePresenter(ManageView&)	16	static
../TouchGFX/gui/src/manage_screen/ManagePresenter.cpp:10:6:virtual void ManagePresenter::activate()	16	static
../TouchGFX/gui/src/manage_screen/ManagePresenter.cpp:15:6:virtual void ManagePresenter::deactivate()	16	static
