../TouchGFX/gui/include/gui/details_screen/DetailsPresenter.hpp:29:13:DetailsPresenter::~DetailsPresenter()	0	static
../TouchGFX/gui/src/details_screen/DetailsPresenter.cpp:10:6:virtual void DetailsPresenter::activate()	0	static
../TouchGFX/gui/src/details_screen/DetailsPresenter.cpp:20:6:virtual void DetailsPresenter::SHT31Update(float, float)	0	static
../TouchGFX/gui/src/details_screen/DetailsPresenter.cpp:24:6:virtual void DetailsPresenter::BH1750Update(float)	0	static
../TouchGFX/gui/include/gui/details_screen/DetailsPresenter.hpp:29:13:virtual DetailsPresenter::~DetailsPresenter()	8	static
../TouchGFX/gui/include/gui/details_screen/DetailsPresenter.hpp:29:13:virtual void* DetailsPresenter::_ZThn4_N16DetailsPresenterD1Ev()	0	static
../TouchGFX/gui/src/details_screen/DetailsPresenter.cpp:4:1:DetailsPresenter::DetailsPresenter(DetailsView&)	8	static
