../Core/Src/touch_iic.c:35:6:Touch_IIC_GPIO_Config	48	static
../Core/Src/touch_iic.c:78:6:Touch_IIC_Delay	24	static
../Core/Src/touch_iic.c:95:6:Touch_INT_Out	32	static
../Core/Src/touch_iic.c:115:6:Touch_INT_In	32	static
../Core/Src/touch_iic.c:136:6:Touch_IIC_Start	8	static
../Core/Src/touch_iic.c:156:6:Touch_IIC_Stop	8	static
../Core/Src/touch_iic.c:177:6:Touch_IIC_ACK	8	static
../Core/Src/touch_iic.c:201:6:Touch_IIC_NoACK	8	static
../Core/Src/touch_iic.c:222:9:Touch_IIC_WaitACK	8	static
../Core/Src/touch_iic.c:252:9:Touch_IIC_WriteByte	24	static
../Core/Src/touch_iic.c:284:9:Touch_IIC_ReadByte	24	static
