../TouchGFX/gui/include/gui/model/ModelListener.hpp:18:18:virtual void ModelListener::SHT31Update(float, float)	0	static
../TouchGFX/gui/include/gui/model/ModelListener.hpp:19:18:virtual void ModelListener::BH1750Update(float)	0	static
../TouchGFX/gui/include/gui/model/ModelListener.hpp:20:18:virtual void ModelListener::NH3Update(float)	0	static
../TouchGFX/gui/include/gui/model/ModelListener.hpp:21:18:virtual void ModelListener::CO2Update(uint16_t)	0	static
../TouchGFX/gui/include/gui/control_screen/ControlPresenter.hpp:28:13:ControlPresenter::~ControlPresenter()	0	static
../TouchGFX/gui/src/control_screen/ControlPresenter.cpp:10:6:virtual void ControlPresenter::activate()	0	static
../TouchGFX/gui/src/control_screen/ControlPresenter.cpp:20:6:virtual void ControlPresenter::devicestate(Device)	16	static
../TouchGFX/gui/include/gui/control_screen/ControlPresenter.hpp:28:13:virtual ControlPresenter::~ControlPresenter()	8	static
../TouchGFX/gui/include/gui/control_screen/ControlPresenter.hpp:28:13:virtual void* ControlPresenter::_ZThn4_N16ControlPresenterD1Ev()	0	static
../TouchGFX/gui/src/control_screen/ControlPresenter.cpp:4:1:ControlPresenter::ControlPresenter(ControlView&)	8	static
