../Middlewares/ST/touchgfx/framework/include/touchgfx/Drawable.hpp:132:23:virtual touchgfx::Drawable* touchgfx::Drawable::getFirstChild()	0	static
../Middlewares/ST/touchgfx/framework/include/touchgfx/Drawable.hpp:298:18:virtual void touchgfx::Drawable::setX(int16_t)	0	static
../Middlewares/ST/touchgfx/framework/include/touchgfx/Drawable.hpp:310:18:virtual void touchgfx::Drawable::setY(int16_t)	0	static
../Middlewares/ST/touchgfx/framework/include/touchgfx/Drawable.hpp:339:18:virtual void touchgfx::Drawable::setWidth(int16_t)	0	static
../Middlewares/ST/touchgfx/framework/include/touchgfx/Drawable.hpp:351:18:virtual void touchgfx::Drawable::setHeight(int16_t)	0	static
../Middlewares/ST/touchgfx/framework/include/touchgfx/Drawable.hpp:361:18:virtual void touchgfx::Drawable::childGeometryChanged()	0	static
../Middlewares/ST/touchgfx/framework/include/touchgfx/Drawable.hpp:372:18:virtual void touchgfx::Drawable::handleClickEvent(const touchgfx::ClickEvent&)	0	static
../Middlewares/ST/touchgfx/framework/include/touchgfx/Drawable.hpp:383:18:virtual void touchgfx::Drawable::handleGestureEvent(const touchgfx::GestureEvent&)	0	static
../Middlewares/ST/touchgfx/framework/include/touchgfx/Drawable.hpp:471:18:virtual void touchgfx::Drawable::handleDragEvent(const touchgfx::DragEvent&)	0	static
../Middlewares/ST/touchgfx/framework/include/touchgfx/Drawable.hpp:481:18:virtual void touchgfx::Drawable::handleTickEvent()	0	static
../Middlewares/ST/touchgfx/framework/include/touchgfx/Drawable.hpp:568:18:virtual void touchgfx::Drawable::moveTo(int16_t, int16_t)	4	static
../Middlewares/ST/touchgfx/framework/include/touchgfx/Drawable.hpp:683:18:virtual void touchgfx::Drawable::setupDrawChain(const touchgfx::Rect&, touchgfx::Drawable**)	0	static
../Middlewares/ST/touchgfx/framework/include/touchgfx/containers/Container.hpp:165:23:virtual touchgfx::Drawable* touchgfx::Container::getFirstChild()	0	static
../Middlewares/ST/touchgfx/framework/include/touchgfx/Screen.hpp:93:18:virtual void touchgfx::Screen::setupScreen()	0	static
../Middlewares/ST/touchgfx/framework/include/touchgfx/Screen.hpp:104:18:virtual void touchgfx::Screen::afterTransition()	0	static
../Middlewares/ST/touchgfx/framework/include/touchgfx/Screen.hpp:115:18:virtual void touchgfx::Screen::tearDownScreen()	0	static
../Middlewares/ST/touchgfx/framework/include/touchgfx/Screen.hpp:144:18:virtual void touchgfx::Screen::handleTickEvent()	0	static
../Middlewares/ST/touchgfx/framework/include/touchgfx/Screen.hpp:154:18:virtual void touchgfx::Screen::handleKeyEvent(uint8_t)	0	static
../Middlewares/ST/touchgfx/framework/include/touchgfx/widgets/Widget.hpp:47:18:virtual void touchgfx::Widget::getLastChild(int16_t, int16_t, touchgfx::Drawable**)	0	static
../Middlewares/ST/touchgfx/framework/include/touchgfx/TypedText.hpp:65:13:touchgfx::TypedText::~TypedText()	0	static
../Middlewares/ST/touchgfx/framework/include/touchgfx/widgets/AbstractButton.hpp:86:18:virtual bool touchgfx::AbstractButton::getPressedState() const	0	static
../Middlewares/ST/touchgfx/framework/include/touchgfx/containers/buttons/AbstractButtonContainer.hpp:114:18:virtual void touchgfx::AbstractButtonContainer::handlePressedUpdated()	0	static
../Middlewares/ST/touchgfx/framework/include/touchgfx/containers/buttons/AbstractButtonContainer.hpp:119:18:virtual void touchgfx::AbstractButtonContainer::handleAlphaUpdated()	0	static
../Middlewares/ST/touchgfx/framework/include/touchgfx/containers/buttons/AbstractButtonContainer.hpp:34:7:touchgfx::AbstractButtonContainer::~AbstractButtonContainer()	0	static
../Middlewares/ST/touchgfx/framework/include/mvp/View.hpp:36:7:touchgfx::View<ManagePresenter>::~View()	0	static
../TouchGFX/generated/gui_generated/include/gui_generated/manage_screen/ManageViewBase.hpp:22:13:ManageViewBase::~ManageViewBase()	0	static
../TouchGFX/generated/gui_generated/include/gui_generated/manage_screen/ManageViewBase.hpp:28:18:virtual void ManageViewBase::increaseValue()	0	static
../TouchGFX/generated/gui_generated/include/gui_generated/manage_screen/ManageViewBase.hpp:33:18:virtual void ManageViewBase::decreaseValue()	0	static
../TouchGFX/generated/gui_generated/include/gui_generated/manage_screen/ManageViewBase.hpp:38:18:virtual void ManageViewBase::increaseValue1()	0	static
../TouchGFX/generated/gui_generated/include/gui_generated/manage_screen/ManageViewBase.hpp:43:18:virtual void ManageViewBase::decreaseValue1()	0	static
../TouchGFX/generated/gui_generated/include/gui_generated/manage_screen/ManageViewBase.hpp:48:18:virtual void ManageViewBase::increaseValue2()	0	static
../TouchGFX/generated/gui_generated/include/gui_generated/manage_screen/ManageViewBase.hpp:53:18:virtual void ManageViewBase::decreaseValue2()	0	static
../TouchGFX/generated/gui_generated/src/manage_screen/ManageViewBase.cpp:143:6:virtual void ManageViewBase::setupScreen()	0	static
../Middlewares/ST/touchgfx/framework/include/touchgfx/containers/buttons/ToggleButtonTrigger.hpp:36:7:touchgfx::ToggleButtonTrigger::~ToggleButtonTrigger()	0	static
../Middlewares/ST/touchgfx/framework/include/touchgfx/containers/buttons/BoxWithBorderButtonStyle.hpp:41:7:touchgfx::BoxWithBorderButtonStyle<touchgfx::ToggleButtonTrigger>::~BoxWithBorderButtonStyle()	0	static
../Middlewares/ST/touchgfx/framework/include/touchgfx/containers/buttons/RepeatButtonTrigger.hpp:34:7:touchgfx::RepeatButtonTrigger::~RepeatButtonTrigger()	0	static
../Middlewares/ST/touchgfx/framework/include/touchgfx/containers/buttons/BoxWithBorderButtonStyle.hpp:41:7:touchgfx::BoxWithBorderButtonStyle<touchgfx::RepeatButtonTrigger>::~BoxWithBorderButtonStyle()	0	static
../Middlewares/ST/touchgfx/framework/include/touchgfx/containers/buttons/ClickButtonTrigger.hpp:35:7:touchgfx::ClickButtonTrigger::~ClickButtonTrigger()	0	static
../Middlewares/ST/touchgfx/framework/include/touchgfx/containers/buttons/BoxWithBorderButtonStyle.hpp:123:18:void touchgfx::BoxWithBorderButtonStyle<T>::handlePressedUpdated() [with T = touchgfx::ToggleButtonTrigger]	0	static
../Middlewares/ST/touchgfx/framework/include/touchgfx/containers/buttons/BoxWithBorderButtonStyle.hpp:123:18:void touchgfx::BoxWithBorderButtonStyle<T>::handlePressedUpdated() [with T = touchgfx::RepeatButtonTrigger]	0	static
../Middlewares/ST/touchgfx/framework/include/touchgfx/containers/buttons/BoxWithBorderButtonStyle.hpp:123:18:void touchgfx::BoxWithBorderButtonStyle<T>::handlePressedUpdated() [with T = touchgfx::ClickButtonTrigger]	0	static
../Middlewares/ST/touchgfx/framework/include/touchgfx/Callback.hpp:357:8:touchgfx::Callback<ManageViewBase, const touchgfx::AbstractButtonContainer&>::~Callback()	0	static
../Middlewares/ST/touchgfx/framework/include/touchgfx/Callback.hpp:357:8:touchgfx::Callback<ManageViewBase, const touchgfx::AbstractButton&>::~Callback()	0	static
../Middlewares/ST/touchgfx/framework/include/touchgfx/containers/buttons/BoxWithBorderButtonStyle.hpp:41:7:touchgfx::BoxWithBorderButtonStyle<touchgfx::ClickButtonTrigger>::~BoxWithBorderButtonStyle()	0	static
../Middlewares/ST/touchgfx/framework/include/touchgfx/containers/buttons/IconButtonStyle.hpp:44:7:touchgfx::IconButtonStyle<touchgfx::BoxWithBorderButtonStyle<touchgfx::RepeatButtonTrigger> >::~IconButtonStyle()	0	static
../Middlewares/ST/touchgfx/framework/include/touchgfx/mixins/ClickListener.hpp:33:7:touchgfx::ClickListener<touchgfx::BoxWithBorderButtonStyle<touchgfx::ToggleButtonTrigger> >::~ClickListener()	0	static
../Middlewares/ST/touchgfx/framework/include/touchgfx/mixins/FadeAnimator.hpp:41:7:touchgfx::FadeAnimator<touchgfx::ButtonWithLabel>::~FadeAnimator()	0	static
../Middlewares/ST/touchgfx/framework/include/touchgfx/Callback.hpp:386:18:void touchgfx::Callback<dest_type, T1, void, void>::execute(T1) [with dest_type = ManageViewBase; T1 = const touchgfx::AbstractButtonContainer&]	8	static
../Middlewares/ST/touchgfx/framework/include/touchgfx/Callback.hpp:396:18:bool touchgfx::Callback<dest_type, T1, void, void>::isValid() const [with dest_type = ManageViewBase; T1 = const touchgfx::AbstractButtonContainer&]	0	static
../Middlewares/ST/touchgfx/framework/include/touchgfx/Callback.hpp:386:18:void touchgfx::Callback<dest_type, T1, void, void>::execute(T1) [with dest_type = ManageViewBase; T1 = const touchgfx::AbstractButton&]	8	static
../Middlewares/ST/touchgfx/framework/include/touchgfx/Callback.hpp:396:18:bool touchgfx::Callback<dest_type, T1, void, void>::isValid() const [with dest_type = ManageViewBase; T1 = const touchgfx::AbstractButton&]	0	static
../Middlewares/ST/touchgfx/framework/include/touchgfx/containers/buttons/BoxWithBorderButtonStyle.hpp:131:18:void touchgfx::BoxWithBorderButtonStyle<T>::handleAlphaUpdated() [with T = touchgfx::ClickButtonTrigger]	0	static
../Middlewares/ST/touchgfx/framework/include/touchgfx/containers/buttons/IconButtonStyle.hpp:144:18:void touchgfx::IconButtonStyle<T>::handleAlphaUpdated() [with T = touchgfx::BoxWithBorderButtonStyle<touchgfx::RepeatButtonTrigger>]	0	static
../Middlewares/ST/touchgfx/framework/include/touchgfx/containers/buttons/BoxWithBorderButtonStyle.hpp:131:18:void touchgfx::BoxWithBorderButtonStyle<T>::handleAlphaUpdated() [with T = touchgfx::RepeatButtonTrigger]	0	static
../Middlewares/ST/touchgfx/framework/include/touchgfx/containers/buttons/BoxWithBorderButtonStyle.hpp:131:18:void touchgfx::BoxWithBorderButtonStyle<T>::handleAlphaUpdated() [with T = touchgfx::ToggleButtonTrigger]	0	static
../Middlewares/ST/touchgfx/framework/include/touchgfx/mixins/FadeAnimator.hpp:84:18:void touchgfx::FadeAnimator<T>::setFadeAnimationDelay(uint16_t) [with T = touchgfx::ButtonWithLabel]	0	static
../Middlewares/ST/touchgfx/framework/include/touchgfx/mixins/FadeAnimator.hpp:96:22:uint16_t touchgfx::FadeAnimator<T>::getFadeAnimationDelay() const [with T = touchgfx::ButtonWithLabel]	0	static
../Middlewares/ST/touchgfx/framework/include/touchgfx/TypedText.hpp:65:13:virtual touchgfx::TypedText::~TypedText()	8	static
../Middlewares/ST/touchgfx/framework/include/mvp/View.hpp:36:7:virtual touchgfx::View<ManagePresenter>::~View()	8	static
../Middlewares/ST/touchgfx/framework/include/touchgfx/containers/buttons/AbstractButtonContainer.hpp:34:7:virtual touchgfx::AbstractButtonContainer::~AbstractButtonContainer()	8	static
../Middlewares/ST/touchgfx/framework/include/touchgfx/containers/buttons/ToggleButtonTrigger.hpp:36:7:virtual touchgfx::ToggleButtonTrigger::~ToggleButtonTrigger()	8	static
../Middlewares/ST/touchgfx/framework/include/touchgfx/containers/buttons/ClickButtonTrigger.hpp:35:7:virtual touchgfx::ClickButtonTrigger::~ClickButtonTrigger()	8	static
../Middlewares/ST/touchgfx/framework/include/touchgfx/containers/buttons/RepeatButtonTrigger.hpp:34:7:virtual touchgfx::RepeatButtonTrigger::~RepeatButtonTrigger()	8	static
../Middlewares/ST/touchgfx/framework/include/touchgfx/mixins/FadeAnimator.hpp:41:7:virtual touchgfx::FadeAnimator<touchgfx::ButtonWithLabel>::~FadeAnimator()	8	static
../Middlewares/ST/touchgfx/framework/include/touchgfx/containers/buttons/BoxWithBorderButtonStyle.hpp:41:7:virtual touchgfx::BoxWithBorderButtonStyle<touchgfx::ToggleButtonTrigger>::~BoxWithBorderButtonStyle()	8	static
../Middlewares/ST/touchgfx/framework/include/touchgfx/mixins/ClickListener.hpp:33:7:virtual touchgfx::ClickListener<touchgfx::BoxWithBorderButtonStyle<touchgfx::ToggleButtonTrigger> >::~ClickListener()	8	static
../Middlewares/ST/touchgfx/framework/include/touchgfx/containers/buttons/BoxWithBorderButtonStyle.hpp:41:7:virtual touchgfx::BoxWithBorderButtonStyle<touchgfx::ClickButtonTrigger>::~BoxWithBorderButtonStyle()	8	static
../Middlewares/ST/touchgfx/framework/include/touchgfx/containers/buttons/BoxWithBorderButtonStyle.hpp:41:7:virtual touchgfx::BoxWithBorderButtonStyle<touchgfx::RepeatButtonTrigger>::~BoxWithBorderButtonStyle()	8	static
../Middlewares/ST/touchgfx/framework/include/touchgfx/containers/buttons/IconButtonStyle.hpp:44:7:virtual touchgfx::IconButtonStyle<touchgfx::BoxWithBorderButtonStyle<touchgfx::RepeatButtonTrigger> >::~IconButtonStyle()	8	static
../Middlewares/ST/touchgfx/framework/include/touchgfx/Callback.hpp:357:8:virtual touchgfx::Callback<ManageViewBase, const touchgfx::AbstractButton&>::~Callback()	8	static
../Middlewares/ST/touchgfx/framework/include/touchgfx/Callback.hpp:357:8:virtual touchgfx::Callback<ManageViewBase, const touchgfx::AbstractButtonContainer&>::~Callback()	8	static
../TouchGFX/generated/gui_generated/include/gui_generated/manage_screen/ManageViewBase.hpp:22:13:virtual ManageViewBase::~ManageViewBase()	8	static
../Middlewares/ST/touchgfx/framework/include/touchgfx/containers/buttons/IconButtonStyle.hpp:137:18:void touchgfx::IconButtonStyle<T>::handlePressedUpdated() [with T = touchgfx::BoxWithBorderButtonStyle<touchgfx::RepeatButtonTrigger>]	8	static
../Middlewares/ST/touchgfx/framework/include/touchgfx/widgets/AbstractButton.hpp:73:18:virtual void touchgfx::AbstractButton::executeAction()	8	static
../Middlewares/ST/touchgfx/framework/include/touchgfx/containers/buttons/AbstractButtonContainer.hpp:99:18:virtual void touchgfx::AbstractButtonContainer::executeAction()	8	static
../Middlewares/ST/touchgfx/framework/include/touchgfx/containers/buttons/RepeatButtonTrigger.hpp:117:10:virtual void touchgfx::RepeatButtonTrigger::handleTickEvent()	8	static
../TouchGFX/generated/gui_generated/src/manage_screen/ManageViewBase.cpp:159:6:void ManageViewBase::flexButtonCallbackHandler(const touchgfx::AbstractButtonContainer&)	0	static
../TouchGFX/generated/gui_generated/src/manage_screen/ManageViewBase.cpp:148:6:void ManageViewBase::buttonCallbackHandler(const touchgfx::AbstractButton&)	8	static
../Middlewares/ST/touchgfx/framework/include/touchgfx/mixins/FadeAnimator.hpp:157:18:void touchgfx::FadeAnimator<T>::handleTickEvent() [with T = touchgfx::ButtonWithLabel]	16	static
../Middlewares/ST/touchgfx/framework/include/touchgfx/Drawable.hpp:326:10:void touchgfx::Drawable::setXY(int16_t, int16_t)	16	static
../Middlewares/ST/touchgfx/framework/include/touchgfx/containers/buttons/IconButtonStyle.hpp:59:18:void touchgfx::IconButtonStyle<T>::setIconBitmaps(const touchgfx::Bitmap&, const touchgfx::Bitmap&) [with T = touchgfx::BoxWithBorderButtonStyle<touchgfx::RepeatButtonTrigger>]	24	static
../Middlewares/ST/touchgfx/framework/include/touchgfx/Drawable.hpp:216:10:void touchgfx::Drawable::setPosition(int16_t, int16_t, int16_t, int16_t)	16	static
../Middlewares/ST/touchgfx/framework/include/touchgfx/widgets/Widget.hpp:36:7:touchgfx::Widget::Widget()	0	static
../Middlewares/ST/touchgfx/framework/include/touchgfx/widgets/Box.hpp:33:5:touchgfx::Box::Box()	8	static
../Middlewares/ST/touchgfx/framework/include/touchgfx/widgets/ButtonWithLabel.hpp:132:10:void touchgfx::ButtonWithLabel::updateTextPosition()	24	static
../Middlewares/ST/touchgfx/framework/include/touchgfx/containers/buttons/AbstractButtonContainer.hpp:37:5:touchgfx::AbstractButtonContainer::AbstractButtonContainer()	0	static
../Middlewares/ST/touchgfx/framework/include/touchgfx/containers/buttons/AbstractButtonContainer.hpp:51:10:void touchgfx::AbstractButtonContainer::setPressed(bool)	0	static
../Middlewares/ST/touchgfx/framework/include/touchgfx/containers/buttons/ClickButtonTrigger.hpp:47:18:virtual void touchgfx::ClickButtonTrigger::handleClickEvent(const touchgfx::ClickEvent&)	16	static
../Middlewares/ST/touchgfx/framework/include/touchgfx/containers/buttons/RepeatButtonTrigger.hpp:93:10:virtual void touchgfx::RepeatButtonTrigger::handleClickEvent(const touchgfx::ClickEvent&)	16	static
../Middlewares/ST/touchgfx/framework/include/touchgfx/containers/buttons/ToggleButtonTrigger.hpp:78:18:virtual void touchgfx::ToggleButtonTrigger::handleClickEvent(const touchgfx::ClickEvent&)	16	static
../Middlewares/ST/touchgfx/framework/include/touchgfx/mixins/ClickListener.hpp:49:18:void touchgfx::ClickListener<T>::handleClickEvent(const touchgfx::ClickEvent&) [with T = touchgfx::BoxWithBorderButtonStyle<touchgfx::ToggleButtonTrigger>]	16	static
../Middlewares/ST/touchgfx/framework/include/touchgfx/widgets/TextAreaWithWildcard.hpp:37:5:touchgfx::TextAreaWithOneWildcard::TextAreaWithOneWildcard()	8	static
../Middlewares/ST/touchgfx/framework/include/touchgfx/containers/buttons/IconButtonStyle.hpp:47:5:touchgfx::IconButtonStyle<T>::IconButtonStyle() [with T = touchgfx::BoxWithBorderButtonStyle<touchgfx::RepeatButtonTrigger>]	32	static
../Middlewares/ST/touchgfx/framework/include/touchgfx/containers/buttons/BoxWithBorderButtonStyle.hpp:44:5:touchgfx::BoxWithBorderButtonStyle<T>::BoxWithBorderButtonStyle() [with T = touchgfx::ClickButtonTrigger]	16	static
../Middlewares/ST/touchgfx/framework/include/touchgfx/containers/buttons/BoxWithBorderButtonStyle.hpp:94:10:void touchgfx::BoxWithBorderButtonStyle<T>::setBoxWithBorderColors(touchgfx::colortype, touchgfx::colortype, touchgfx::colortype, touchgfx::colortype) [with T = touchgfx::RepeatButtonTrigger]	4	static
../TouchGFX/generated/gui_generated/src/manage_screen/ManageViewBase.cpp:9:1:ManageViewBase::ManageViewBase()	128	static
