../Middlewares/ST/touchgfx/framework/include/touchgfx/Drawable.hpp:298:18:virtual void touchgfx::Drawable::setX(int16_t)	0	static
../Middlewares/ST/touchgfx/framework/include/touchgfx/Drawable.hpp:310:18:virtual void touchgfx::Drawable::setY(int16_t)	0	static
../Middlewares/ST/touchgfx/framework/include/touchgfx/Drawable.hpp:339:18:virtual void touchgfx::Drawable::setWidth(int16_t)	0	static
../Middlewares/ST/touchgfx/framework/include/touchgfx/Drawable.hpp:351:18:virtual void touchgfx::Drawable::setHeight(int16_t)	0	static
../Middlewares/ST/touchgfx/framework/include/touchgfx/Drawable.hpp:361:18:virtual void touchgfx::Drawable::childGeometryChanged()	0	static
../Middlewares/ST/touchgfx/framework/include/touchgfx/Drawable.hpp:568:18:virtual void touchgfx::Drawable::moveTo(int16_t, int16_t)	4	static
../Middlewares/ST/touchgfx/framework/include/touchgfx/containers/Container.hpp:165:23:virtual touchgfx::Drawable* touchgfx::Container::getFirstChild()	0	static
../Middlewares/ST/touchgfx/framework/include/touchgfx/Screen.hpp:104:18:virtual void touchgfx::Screen::afterTransition()	0	static
../Middlewares/ST/touchgfx/framework/include/touchgfx/Screen.hpp:144:18:virtual void touchgfx::Screen::handleTickEvent()	0	static
../Middlewares/ST/touchgfx/framework/include/touchgfx/Screen.hpp:154:18:virtual void touchgfx::Screen::handleKeyEvent(uint8_t)	0	static
../TouchGFX/gui/src/main_screen/MainView.cpp:15:6:virtual void MainView::tearDownScreen()	0	static
../Middlewares/ST/touchgfx/framework/include/touchgfx/mixins/MoveAnimator.hpp:88:18:void touchgfx::MoveAnimator<T>::setMoveAnimationDelay(uint16_t) [with T = touchgfx::SwipeContainer]	0	static
../Middlewares/ST/touchgfx/framework/include/touchgfx/mixins/MoveAnimator.hpp:100:22:uint16_t touchgfx::MoveAnimator<T>::getMoveAnimationDelay() const [with T = touchgfx::SwipeContainer]	0	static
../TouchGFX/gui/src/main_screen/MainView.cpp:10:6:virtual void MainView::setupScreen()	0	static
../Middlewares/ST/touchgfx/framework/include/touchgfx/mixins/MoveAnimator.hpp:37:7:touchgfx::MoveAnimator<touchgfx::SwipeContainer>::~MoveAnimator()	8	static
../Middlewares/ST/touchgfx/framework/include/touchgfx/mixins/MoveAnimator.hpp:37:7:virtual touchgfx::MoveAnimator<touchgfx::SwipeContainer>::~MoveAnimator()	8	static
../TouchGFX/gui/include/gui/main_screen/MainView.hpp:11:13:MainView::~MainView()	8	static
../TouchGFX/gui/include/gui/main_screen/MainView.hpp:11:13:virtual MainView::~MainView()	8	static
../TouchGFX/gui/src/main_screen/MainView.cpp:20:6:virtual void MainView::SHT31Update(float, float)	24	static
../TouchGFX/gui/src/main_screen/MainView.cpp:5:1:MainView::MainView()	8	static
../Middlewares/ST/touchgfx/framework/include/touchgfx/mixins/MoveAnimator.hpp:169:18:void touchgfx::MoveAnimator<T>::handleTickEvent() [with T = touchgfx::SwipeContainer]	24	static
