../Middlewares/ST/touchgfx/framework/include/touchgfx/Application.hpp:74:18:virtual void touchgfx::Application::appSwitchScreen(uint8_t)	0	static
../Middlewares/ST/touchgfx/framework/include/touchgfx/Application.hpp:86:18:virtual void touchgfx::Application::requestRedraw(touchgfx::Rect&)	0	static
../Middlewares/ST/touchgfx/framework/include/touchgfx/Drawable.hpp:132:23:virtual touchgfx::Drawable* touchgfx::Drawable::getFirstChild()	0	static
../Middlewares/ST/touchgfx/framework/include/touchgfx/Drawable.hpp:298:18:virtual void touchgfx::Drawable::setX(int16_t)	0	static
../Middlewares/ST/touchgfx/framework/include/touchgfx/Drawable.hpp:310:18:virtual void touchgfx::Drawable::setY(int16_t)	0	static
../Middlewares/ST/touchgfx/framework/include/touchgfx/Drawable.hpp:339:18:virtual void touchgfx::Drawable::setWidth(int16_t)	0	static
../Middlewares/ST/touchgfx/framework/include/touchgfx/Drawable.hpp:351:18:virtual void touchgfx::Drawable::setHeight(int16_t)	0	static
../Middlewares/ST/touchgfx/framework/include/touchgfx/Drawable.hpp:361:18:virtual void touchgfx::Drawable::childGeometryChanged()	0	static
../Middlewares/ST/touchgfx/framework/include/touchgfx/Drawable.hpp:372:18:virtual void touchgfx::Drawable::handleClickEvent(const touchgfx::ClickEvent&)	0	static
../Middlewares/ST/touchgfx/framework/include/touchgfx/Drawable.hpp:383:18:virtual void touchgfx::Drawable::handleGestureEvent(const touchgfx::GestureEvent&)	0	static
../Middlewares/ST/touchgfx/framework/include/touchgfx/Drawable.hpp:471:18:virtual void touchgfx::Drawable::handleDragEvent(const touchgfx::DragEvent&)	0	static
../Middlewares/ST/touchgfx/framework/include/touchgfx/Drawable.hpp:481:18:virtual void touchgfx::Drawable::handleTickEvent()	0	static
../Middlewares/ST/touchgfx/framework/include/touchgfx/Drawable.hpp:568:18:virtual void touchgfx::Drawable::moveTo(int16_t, int16_t)	4	static
../Middlewares/ST/touchgfx/framework/include/touchgfx/Drawable.hpp:683:18:virtual void touchgfx::Drawable::setupDrawChain(const touchgfx::Rect&, touchgfx::Drawable**)	0	static
../Middlewares/ST/touchgfx/framework/include/touchgfx/transitions/Transition.hpp:71:18:virtual void touchgfx::Transition::tearDown()	0	static
../Middlewares/ST/touchgfx/framework/include/touchgfx/transitions/Transition.hpp:79:18:virtual void touchgfx::Transition::init()	0	static
../Middlewares/ST/touchgfx/framework/include/touchgfx/transitions/Transition.hpp:99:18:virtual void touchgfx::Transition::setScreenContainer(touchgfx::Container&)	0	static
../Middlewares/ST/touchgfx/framework/include/mvp/MVPApplication.hpp:43:7:touchgfx::MVPApplication::~MVPApplication()	0	static
../TouchGFX/generated/gui_generated/include/gui_generated/common/FrontendApplicationBase.hpp:16:13:FrontendApplicationBase::~FrontendApplicationBase()	0	static
../Middlewares/ST/touchgfx/framework/include/touchgfx/transitions/NoTransition.hpp:35:18:virtual void touchgfx::NoTransition::handleTickEvent()	0	static
../Middlewares/ST/touchgfx/framework/include/touchgfx/transitions/BlockTransition.hpp:102:18:virtual void touchgfx::BlockTransition::tearDown()	0	static
../Middlewares/ST/touchgfx/framework/include/touchgfx/transitions/BlockTransition.hpp:106:18:virtual void touchgfx::BlockTransition::init()	0	static
../Middlewares/ST/touchgfx/framework/include/touchgfx/transitions/BlockTransition.hpp:115:18:virtual void touchgfx::BlockTransition::invalidate()	0	static
../Middlewares/ST/touchgfx/framework/include/touchgfx/widgets/Widget.hpp:47:18:virtual void touchgfx::Widget::getLastChild(int16_t, int16_t, touchgfx::Drawable**)	0	static
../Middlewares/ST/touchgfx/framework/include/touchgfx/Callback.hpp:357:8:touchgfx::Callback<touchgfx::CoverTransition<touchgfx::NORTH>, touchgfx::Drawable&, void, void>::~Callback()	0	static
../Middlewares/ST/touchgfx/framework/include/touchgfx/transitions/CoverTransition.hpp:236:11:touchgfx::CoverTransition<touchgfx::NORTH>::FullSolidRect::~FullSolidRect()	0	static
../Middlewares/ST/touchgfx/framework/include/touchgfx/transitions/WipeTransition.hpp:44:11:touchgfx::WipeTransition<touchgfx::NORTH>::FullSolidRect::~FullSolidRect()	0	static
../Middlewares/ST/touchgfx/framework/include/touchgfx/transitions/WipeTransition.hpp:44:11:touchgfx::WipeTransition<touchgfx::WEST>::FullSolidRect::~FullSolidRect()	0	static
../Middlewares/ST/touchgfx/framework/include/touchgfx/transitions/CoverTransition.hpp:216:18:void touchgfx::CoverTransition<templateDirection>::tickMoveDrawable(touchgfx::Drawable&) [with touchgfx::Direction templateDirection = touchgfx::NORTH]	4	static
../Middlewares/ST/touchgfx/framework/include/touchgfx/transitions/CoverTransition.hpp:37:7:touchgfx::CoverTransition<touchgfx::NORTH>::~CoverTransition()	0	static
../Middlewares/ST/touchgfx/framework/include/touchgfx/transitions/WipeTransition.hpp:38:7:touchgfx::WipeTransition<touchgfx::WEST>::~WipeTransition()	0	static
../Middlewares/ST/touchgfx/framework/include/touchgfx/transitions/WipeTransition.hpp:38:7:touchgfx::WipeTransition<touchgfx::NORTH>::~WipeTransition()	0	static
../Middlewares/ST/touchgfx/framework/include/touchgfx/transitions/BlockTransition.hpp:32:7:touchgfx::BlockTransition::~BlockTransition()	0	static
../Middlewares/ST/touchgfx/framework/include/touchgfx/transitions/NoTransition.hpp:31:7:touchgfx::NoTransition::~NoTransition()	0	static
../Middlewares/ST/touchgfx/framework/include/touchgfx/Callback.hpp:424:8:touchgfx::Callback<FrontendApplicationBase>::~Callback()	0	static
../Middlewares/ST/touchgfx/framework/include/touchgfx/transitions/CoverTransition.hpp:169:18:void touchgfx::CoverTransition<templateDirection>::tearDown() [with touchgfx::Direction templateDirection = touchgfx::NORTH]	0	static
../Middlewares/ST/touchgfx/framework/include/touchgfx/transitions/CoverTransition.hpp:174:18:void touchgfx::CoverTransition<templateDirection>::init() [with touchgfx::Direction templateDirection = touchgfx::NORTH]	24	static
../Middlewares/ST/touchgfx/framework/include/touchgfx/transitions/CoverTransition.hpp:189:18:void touchgfx::CoverTransition<templateDirection>::initMoveDrawable(touchgfx::Drawable&) [with touchgfx::Direction templateDirection = touchgfx::NORTH]	0	static
../Middlewares/ST/touchgfx/framework/include/touchgfx/transitions/CoverTransition.hpp:244:22:void touchgfx::CoverTransition<templateDirection>::FullSolidRect::draw(const touchgfx::Rect&) const [with touchgfx::Direction templateDirection = touchgfx::NORTH]	0	static
../Middlewares/ST/touchgfx/framework/include/touchgfx/transitions/CoverTransition.hpp:239:22:touchgfx::Rect touchgfx::CoverTransition<templateDirection>::FullSolidRect::getSolidRect() const [with touchgfx::Direction templateDirection = touchgfx::NORTH]	8	static
../Middlewares/ST/touchgfx/framework/include/touchgfx/Callback.hpp:386:18:void touchgfx::Callback<dest_type, T1, void, void>::execute(T1) [with dest_type = touchgfx::CoverTransition<touchgfx::NORTH>; T1 = touchgfx::Drawable&]	8	static
../Middlewares/ST/touchgfx/framework/include/touchgfx/Callback.hpp:396:18:bool touchgfx::Callback<dest_type, T1, void, void>::isValid() const [with dest_type = touchgfx::CoverTransition<touchgfx::NORTH>; T1 = touchgfx::Drawable&]	0	static
../Middlewares/ST/touchgfx/framework/include/touchgfx/transitions/WipeTransition.hpp:205:18:void touchgfx::WipeTransition<templateDirection>::tearDown() [with touchgfx::Direction templateDirection = touchgfx::WEST]	0	static
../Middlewares/ST/touchgfx/framework/include/touchgfx/transitions/WipeTransition.hpp:210:18:void touchgfx::WipeTransition<templateDirection>::init() [with touchgfx::Direction templateDirection = touchgfx::WEST]	0	static
../Middlewares/ST/touchgfx/framework/include/touchgfx/transitions/WipeTransition.hpp:221:18:void touchgfx::WipeTransition<templateDirection>::invalidate() [with touchgfx::Direction templateDirection = touchgfx::WEST]	0	static
../Middlewares/ST/touchgfx/framework/include/touchgfx/transitions/WipeTransition.hpp:52:22:void touchgfx::WipeTransition<templateDirection>::FullSolidRect::draw(const touchgfx::Rect&) const [with touchgfx::Direction templateDirection = touchgfx::WEST]	0	static
../Middlewares/ST/touchgfx/framework/include/touchgfx/transitions/WipeTransition.hpp:47:22:touchgfx::Rect touchgfx::WipeTransition<templateDirection>::FullSolidRect::getSolidRect() const [with touchgfx::Direction templateDirection = touchgfx::WEST]	8	static
../Middlewares/ST/touchgfx/framework/include/touchgfx/transitions/WipeTransition.hpp:205:18:void touchgfx::WipeTransition<templateDirection>::tearDown() [with touchgfx::Direction templateDirection = touchgfx::NORTH]	0	static
../Middlewares/ST/touchgfx/framework/include/touchgfx/transitions/WipeTransition.hpp:210:18:void touchgfx::WipeTransition<templateDirection>::init() [with touchgfx::Direction templateDirection = touchgfx::NORTH]	0	static
../Middlewares/ST/touchgfx/framework/include/touchgfx/transitions/WipeTransition.hpp:221:18:void touchgfx::WipeTransition<templateDirection>::invalidate() [with touchgfx::Direction templateDirection = touchgfx::NORTH]	0	static
../Middlewares/ST/touchgfx/framework/include/touchgfx/transitions/WipeTransition.hpp:52:22:void touchgfx::WipeTransition<templateDirection>::FullSolidRect::draw(const touchgfx::Rect&) const [with touchgfx::Direction templateDirection = touchgfx::NORTH]	0	static
../Middlewares/ST/touchgfx/framework/include/touchgfx/transitions/WipeTransition.hpp:47:22:touchgfx::Rect touchgfx::WipeTransition<templateDirection>::FullSolidRect::getSolidRect() const [with touchgfx::Direction templateDirection = touchgfx::NORTH]	8	static
../Middlewares/ST/touchgfx/framework/include/touchgfx/Callback.hpp:449:18:void touchgfx::Callback<dest_type, void, void, void>::execute() [with dest_type = FrontendApplicationBase]	4	static
../Middlewares/ST/touchgfx/framework/include/touchgfx/Callback.hpp:459:18:bool touchgfx::Callback<dest_type, void, void, void>::isValid() const [with dest_type = FrontendApplicationBase]	0	static
../Middlewares/ST/touchgfx/framework/include/touchgfx/transitions/BlockTransition.hpp:32:7:virtual touchgfx::BlockTransition::~BlockTransition()	8	static
../Middlewares/ST/touchgfx/framework/include/touchgfx/transitions/NoTransition.hpp:31:7:virtual touchgfx::NoTransition::~NoTransition()	8	static
../Middlewares/ST/touchgfx/framework/include/touchgfx/Callback.hpp:424:8:virtual touchgfx::Callback<FrontendApplicationBase>::~Callback()	8	static
../Middlewares/ST/touchgfx/framework/include/mvp/MVPApplication.hpp:43:7:virtual touchgfx::MVPApplication::~MVPApplication()	8	static
../TouchGFX/generated/gui_generated/include/gui_generated/common/FrontendApplicationBase.hpp:16:13:virtual FrontendApplicationBase::~FrontendApplicationBase()	8	static
../Middlewares/ST/touchgfx/framework/include/touchgfx/transitions/CoverTransition.hpp:236:11:virtual touchgfx::CoverTransition<touchgfx::NORTH>::FullSolidRect::~FullSolidRect()	8	static
../Middlewares/ST/touchgfx/framework/include/touchgfx/transitions/WipeTransition.hpp:38:7:virtual touchgfx::WipeTransition<touchgfx::WEST>::~WipeTransition()	8	static
../Middlewares/ST/touchgfx/framework/include/touchgfx/transitions/WipeTransition.hpp:44:11:virtual touchgfx::WipeTransition<touchgfx::WEST>::FullSolidRect::~FullSolidRect()	8	static
../Middlewares/ST/touchgfx/framework/include/touchgfx/transitions/WipeTransition.hpp:38:7:virtual touchgfx::WipeTransition<touchgfx::NORTH>::~WipeTransition()	8	static
../Middlewares/ST/touchgfx/framework/include/touchgfx/transitions/WipeTransition.hpp:44:11:virtual touchgfx::WipeTransition<touchgfx::NORTH>::FullSolidRect::~FullSolidRect()	8	static
../Middlewares/ST/touchgfx/framework/include/touchgfx/transitions/CoverTransition.hpp:37:7:virtual touchgfx::CoverTransition<touchgfx::NORTH>::~CoverTransition()	8	static
../Middlewares/ST/touchgfx/framework/include/touchgfx/Callback.hpp:357:8:virtual touchgfx::Callback<touchgfx::CoverTransition<touchgfx::NORTH>, touchgfx::Drawable&, void, void>::~Callback()	8	static
../Middlewares/ST/touchgfx/framework/include/touchgfx/transitions/Transition.hpp:88:18:virtual void touchgfx::Transition::invalidate()	8	static
../Middlewares/ST/touchgfx/framework/include/touchgfx/transitions/BlockTransition.hpp:64:18:virtual void touchgfx::BlockTransition::handleTickEvent()	216	static
../Middlewares/ST/touchgfx/framework/include/mvp/MVPApplication.hpp:59:18:virtual void touchgfx::MVPApplication::handlePendingScreenTransition()	8	static
../Middlewares/ST/touchgfx/framework/include/touchgfx/Drawable.hpp:216:10:void touchgfx::Drawable::setPosition(int16_t, int16_t, int16_t, int16_t)	24	static
../Middlewares/ST/touchgfx/framework/include/touchgfx/hal/HAL.hpp:246:17:static touchgfx::LCD& touchgfx::HAL::lcd()	0	static
../Middlewares/ST/touchgfx/framework/include/touchgfx/transitions/CoverTransition.hpp:83:18:void touchgfx::CoverTransition<templateDirection>::handleTickEvent() [with touchgfx::Direction templateDirection = touchgfx::NORTH]	56	static
../Middlewares/ST/touchgfx/framework/include/touchgfx/transitions/WipeTransition.hpp:93:18:void touchgfx::WipeTransition<templateDirection>::handleTickEvent() [with touchgfx::Direction templateDirection = touchgfx::WEST]	56	static
../Middlewares/ST/touchgfx/framework/include/touchgfx/transitions/WipeTransition.hpp:93:18:void touchgfx::WipeTransition<templateDirection>::handleTickEvent() [with touchgfx::Direction templateDirection = touchgfx::NORTH]	56	static
../Middlewares/ST/touchgfx/framework/include/touchgfx/transitions/BlockTransition.hpp:40:5:touchgfx::BlockTransition::BlockTransition()	0	static
../Middlewares/ST/touchgfx/framework/include/touchgfx/widgets/Widget.hpp:36:7:touchgfx::Widget::Widget()	0	static
../TouchGFX/generated/gui_generated/src/common/FrontendApplicationBase.cpp:23:1:FrontendApplicationBase::FrontendApplicationBase(Model&, FrontendHeap&)	24	static
../TouchGFX/generated/gui_generated/src/common/FrontendApplicationBase.cpp:40:6:void FrontendApplicationBase::gotoMainScreenNoTransition()	0	static
../TouchGFX/generated/gui_generated/src/common/FrontendApplicationBase.cpp:51:6:void FrontendApplicationBase::gotoMainScreenCoverTransitionNorth()	0	static
../TouchGFX/generated/gui_generated/src/common/FrontendApplicationBase.cpp:62:6:void FrontendApplicationBase::gotoMainScreenWipeTransitionNorth()	0	static
../TouchGFX/generated/gui_generated/src/common/FrontendApplicationBase.cpp:73:6:void FrontendApplicationBase::gotoMainScreenWipeTransitionWest()	0	static
../TouchGFX/generated/gui_generated/src/common/FrontendApplicationBase.cpp:86:6:void FrontendApplicationBase::gotoManageScreenBlockTransition()	0	static
../TouchGFX/generated/gui_generated/src/common/FrontendApplicationBase.cpp:99:6:void FrontendApplicationBase::gotoDetailsScreenBlockTransition()	0	static
../TouchGFX/generated/gui_generated/src/common/FrontendApplicationBase.cpp:112:6:void FrontendApplicationBase::gotoControlScreenBlockTransition()	0	static
../Middlewares/ST/touchgfx/framework/include/common/AbstractPartition.hpp:135:8:T& touchgfx::AbstractPartition::at(uint16_t) [with T = MainView]	0	static
../Middlewares/ST/touchgfx/framework/include/common/AbstractPartition.hpp:135:8:T& touchgfx::AbstractPartition::at(uint16_t) [with T = MainPresenter]	0	static
../TouchGFX/generated/gui_generated/src/common/FrontendApplicationBase.cpp:79:6:void FrontendApplicationBase::gotoMainScreenWipeTransitionWestImpl()	48	static
../TouchGFX/generated/gui_generated/src/common/FrontendApplicationBase.cpp:68:6:void FrontendApplicationBase::gotoMainScreenWipeTransitionNorthImpl()	48	static
../TouchGFX/generated/gui_generated/src/common/FrontendApplicationBase.cpp:57:6:void FrontendApplicationBase::gotoMainScreenCoverTransitionNorthImpl()	48	static
../TouchGFX/generated/gui_generated/src/common/FrontendApplicationBase.cpp:46:6:void FrontendApplicationBase::gotoMainScreenNoTransitionImpl()	40	static
../Middlewares/ST/touchgfx/framework/include/common/AbstractPartition.hpp:135:8:T& touchgfx::AbstractPartition::at(uint16_t) [with T = touchgfx::BlockTransition]	0	static
../TouchGFX/generated/gui_generated/src/common/FrontendApplicationBase.cpp:118:6:void FrontendApplicationBase::gotoControlScreenBlockTransitionImpl()	32	static
../TouchGFX/generated/gui_generated/src/common/FrontendApplicationBase.cpp:105:6:void FrontendApplicationBase::gotoDetailsScreenBlockTransitionImpl()	32	static
../TouchGFX/generated/gui_generated/src/common/FrontendApplicationBase.cpp:92:6:void FrontendApplicationBase::gotoManageScreenBlockTransitionImpl()	32	static
